ERC report (2025-10-27T20:20:14+0000, Encoding UTF8)

***** Sheet /
[endpoint_off_grid]: Symbol pin or wire end off connection grid
    ; warning
    @(2.6289 mm, 1.09982 mm): Horizontal Wire, length 0.0965 mm

[endpoint_off_grid]: Symbol pin or wire end off connection grid
    ; warning
    @(2.6289 mm, 1.09982 mm): Vertical Wire, length 0.0584 mm

[footprint_link_issues]: Footprint 'NX3225GD' not found in library 'zpc-lib'.
    ; warning
    @(2.7178 mm, 0.9398 mm): Symbol Y1 [Crystal]

[endpoint_off_grid]: Symbol pin or wire end off connection grid
    ; warning
    @(2.72542 mm, 1.09982 mm): Horizontal Wire, length 0.0686 mm

[endpoint_off_grid]: Symbol pin or wire end off connection grid
    ; warning
    @(2.72542 mm, 1.11252 mm): Vertical Wire, length 0.0127 mm

[endpoint_off_grid]: Symbol pin or wire end off connection grid
    ; warning
    @(2.72542 mm, 1.11252 mm): Symbol #PWR07 Pin 1 [Power input, Line]

[endpoint_off_grid]: Symbol pin or wire end off connection grid
    ; warning
    @(2.794 mm, 1.016 mm): Vertical Wire, length 0.0838 mm

[footprint_link_issues]: Footprint 'OZON_TECH_LOGO' not found in library 'zpc-lib'.
    ; warning
    @(3.5179 mm, 1.3843 mm): Symbol HU1 [LOGO]

[lib_symbol_issues]: The symbol library 'zpc-lib' was not found at '/__w/ECAD_main_project/ECAD_main_project/ECAD_main/../ECAD-libs/GOST_lib.kicad_sym'.
    ; warning
    @(3.5179 mm, 1.3843 mm): Symbol HU1 [LOGO]

[footprint_link_issues]: Footprint 'DS201b' not found in library 'zpc-lib'.
    ; warning
    @(0.3048 mm, 0.3429 mm): Symbol J3 [Jack-DC]

[footprint_link_issues]: Footprint 'K78xxMT-500R4' not found in library 'zpc-lib'.
    ; warning
    @(1.0287 mm, 0.8382 mm): Symbol D9 [K78xxMT-500R4]

[lib_symbol_issues]: The symbol library 'zpc-lib' was not found at '/__w/ECAD_main_project/ECAD_main_project/ECAD_main/../ECAD-libs/GOST_lib.kicad_sym'.
    ; warning
    @(1.0287 mm, 0.8382 mm): Symbol D9 [K78xxMT-500R4]

[endpoint_off_grid]: Symbol pin or wire end off connection grid
    ; warning
    @(2.0066 mm, 0.35 mm): Vertical Wire, length 0.0325 mm

[endpoint_off_grid]: Symbol pin or wire end off connection grid
    ; warning
    @(2.0884 mm, 0.35 mm): Horizontal Wire, length 0.0818 mm

[endpoint_off_grid]: Symbol pin or wire end off connection grid
    ; warning
    @(2.0828 mm, 0.4191 mm): Vertical Wire, length 0.0183 mm

[endpoint_off_grid]: Symbol pin or wire end off connection grid
    ; warning
    @(2.0828 mm, 0.4008 mm): Horizontal Wire, length 0.0056 mm

[footprint_link_issues]: Footprint 'CPFC805' not found in library 'zpc-lib'.
    ; warning
    @(2.1392 mm, 0.3754 mm): Symbol FL1 [Filter_EMI_CommonMode]

[endpoint_off_grid]: Symbol pin or wire end off connection grid
    ; warning
    @(2.19 mm, 0.35 mm): Horizontal Wire, length 0.1600 mm

[endpoint_off_grid]: Symbol pin or wire end off connection grid
    ; warning
    @(2.19 mm, 0.35 mm): Symbol FL1 Pin 2 [2, Passive, Line]

[endpoint_off_grid]: Symbol pin or wire end off connection grid
    ; warning
    @(2.2 mm, 0.3937 mm): Horizontal Wire, length 0.0011 mm

[endpoint_off_grid]: Symbol pin or wire end off connection grid
    ; warning
    @(2.2 mm, 0.4008 mm): Vertical Wire, length 0.0071 mm

[endpoint_off_grid]: Symbol pin or wire end off connection grid
    ; warning
    @(2.2 mm, 0.4008 mm): Horizontal Wire, length 0.0100 mm

[endpoint_off_grid]: Symbol pin or wire end off connection grid
    ; warning
    @(2.2 mm, 0.42 mm): Symbol TP3 Pin 1 [1, Passive, Line]

[endpoint_off_grid]: Symbol pin or wire end off connection grid
    ; warning
    @(2.2011 mm, 0.42 mm): Horizontal Wire, length 0.0011 mm

[endpoint_off_grid]: Symbol pin or wire end off connection grid
    ; warning
    @(2.2011 mm, 0.42 mm): Vertical Wire, length 0.0263 mm

[endpoint_off_grid]: Symbol pin or wire end off connection grid
    ; warning
    @(2.2011 mm, 0.42 mm): Horizontal Wire, length 0.1089 mm

[endpoint_off_grid]: Symbol pin or wire end off connection grid
    ; warning
    @(2.31 mm, 0.42 mm): Symbol #PWR010 Pin 1 [Power input, Line]

[endpoint_off_grid]: Symbol pin or wire end off connection grid
    ; warning
    @(2.35 mm, 0.35 mm): Vertical Wire, length 0.0200 mm

[footprint_link_issues]: Footprint 'SOD3716X135N' not found in library 'zpc-lib'.
    ; warning
    @(2.5527 mm, 0.3302 mm): Symbol D4 [NSI45020T1G]

[lib_symbol_issues]: The current configuration does not include the symbol library 'NSI45020T1G'
    ; warning
    @(2.5527 mm, 0.3302 mm): Symbol D4 [NSI45020T1G]

[lib_symbol_mismatch]: Symbol 'LED' doesn't match copy in library 'Device'
    ; warning
    @(2.5527 mm, 0.4191 mm): Symbol D8 [LED]

***** Sheet /Power/
 ** ERC messages: 31  Errors 0  Warnings 31
